[INFO] Scanning for projects...
[INFO] 
[INFO] ----------------------< org.example:electronics >-----------------------
[INFO] Building electronics 0.0.1-SNAPSHOT
[INFO]   from pom.xml
[INFO] --------------------------------[ jar ]---------------------------------
[INFO] 
[INFO] --- resources:3.3.1:resources (default-resources) @ electronics ---
[INFO] Copying 1 resource from src\main\resources to target\classes
[INFO] Copying 0 resource from src\main\resources to target\classes
[INFO] 
[INFO] --- compiler:3.14.1:compile (default-compile) @ electronics ---
[INFO] Recompiling the module because of changed source code.
[INFO] Compiling 133 source files with javac [debug parameters release 25] to target\classes
WARNING: A terminally deprecated method in sun.misc.Unsafe has been called
WARNING: sun.misc.Unsafe::objectFieldOffset has been called by lombok.permit.Permit
WARNING: Please consider reporting this to the maintainers of class lombok.permit.Permit
WARNING: sun.misc.Unsafe::objectFieldOffset will be removed in a future release
[INFO] -------------------------------------------------------------
[ERROR] COMPILATION ERROR : 
[INFO] -------------------------------------------------------------
[ERROR] /E:/ElectronicsManagament/backend/electronics/src/main/java/org/example/electronics/config/SecurityConfig.java:[56,46] constructor DaoAuthenticationProvider in class org.springframework.security.authentication.dao.DaoAuthenticationProvider cannot be applied to given types;
  required: org.springframework.security.core.userdetails.UserDetailsService
  found:    no arguments
  reason: actual and formal argument lists differ in length
[ERROR] /E:/ElectronicsManagament/backend/electronics/src/main/java/org/example/electronics/config/SecurityConfig.java:[57,17] cannot find symbol
  symbol:   method setUserDetailsService(org.springframework.security.core.userdetails.UserDetailsService)
  location: variable provider of type org.springframework.security.authentication.dao.DaoAuthenticationProvider
[ERROR] /E:/ElectronicsManagament/backend/electronics/src/main/java/org/example/electronics/service/OrderService.java:[68,72] cannot find symbol
  symbol:   method getPhoneNumber()
  location: variable address of type org.example.electronics.entity.AddressEntity
[ERROR] /E:/ElectronicsManagament/backend/electronics/src/main/java/org/example/electronics/service/OrderService.java:[69,33] cannot find symbol
  symbol:   method getAddressDetail()
  location: variable address of type org.example.electronics.entity.AddressEntity
[ERROR] /E:/ElectronicsManagament/backend/electronics/src/main/java/org/example/electronics/service/OrderService.java:[72,27] cannot find symbol
  symbol:   method getCity()
  location: variable address of type org.example.electronics.entity.AddressEntity
[ERROR] /E:/ElectronicsManagament/backend/electronics/src/main/java/org/example/electronics/service/OrderService.java:[72,62] cannot find symbol
  symbol:   method getCity()
  location: variable address of type org.example.electronics.entity.AddressEntity
[INFO] 6 errors 
[INFO] -------------------------------------------------------------
[INFO] ------------------------------------------------------------------------
[INFO] BUILD FAILURE
[INFO] ------------------------------------------------------------------------
[INFO] Total time:  6.249 s
[INFO] Finished at: 2026-03-06T21:24:27+07:00
[INFO] ------------------------------------------------------------------------
[ERROR] Failed to execute goal org.apache.maven.plugins:maven-compiler-plugin:3.14.1:compile (default-compile) on project electronics: Compilation failure: Compilation failure: 
[ERROR] /E:/ElectronicsManagament/backend/electronics/src/main/java/org/example/electronics/config/SecurityConfig.java:[56,46] constructor DaoAuthenticationProvider in class org.springframework.security.authentication.dao.DaoAuthenticationProvider cannot be applied to given types;
[ERROR]   required: org.springframework.security.core.userdetails.UserDetailsService
[ERROR]   found:    no arguments
[ERROR]   reason: actual and formal argument lists differ in length
[ERROR] /E:/ElectronicsManagament/backend/electronics/src/main/java/org/example/electronics/config/SecurityConfig.java:[57,17] cannot find symbol
[ERROR]   symbol:   method setUserDetailsService(org.springframework.security.core.userdetails.UserDetailsService)
[ERROR]   location: variable provider of type org.springframework.security.authentication.dao.DaoAuthenticationProvider
[ERROR] /E:/ElectronicsManagament/backend/electronics/src/main/java/org/example/electronics/service/OrderService.java:[68,72] cannot find symbol
[ERROR]   symbol:   method getPhoneNumber()
[ERROR]   location: variable address of type org.example.electronics.entity.AddressEntity
[ERROR] /E:/ElectronicsManagament/backend/electronics/src/main/java/org/example/electronics/service/OrderService.java:[69,33] cannot find symbol
[ERROR]   symbol:   method getAddressDetail()
[ERROR]   location: variable address of type org.example.electronics.entity.AddressEntity
[ERROR] /E:/ElectronicsManagament/backend/electronics/src/main/java/org/example/electronics/service/OrderService.java:[72,27] cannot find symbol
[ERROR]   symbol:   method getCity()
[ERROR]   location: variable address of type org.example.electronics.entity.AddressEntity
[ERROR] /E:/ElectronicsManagament/backend/electronics/src/main/java/org/example/electronics/service/OrderService.java:[72,62] cannot find symbol
[ERROR]   symbol:   method getCity()
[ERROR]   location: variable address of type org.example.electronics.entity.AddressEntity
[ERROR] -> [Help 1]
[ERROR] 
[ERROR] To see the full stack trace of the errors, re-run Maven with the -e switch.
[ERROR] Re-run Maven using the -X switch to enable full debug logging.
[ERROR] 
[ERROR] For more information about the errors and possible solutions, please read the following articles:
[ERROR] [Help 1] http://cwiki.apache.org/confluence/display/MAVEN/MojoFailureException
